[backblue.gif]
[fade.gif]
[index.html]
[namsung.zz.mu/xmlrpc.php]
[namsung.zz.mu/wp-content/themes/ontopic/stylef43b.css]
[namsung.zz.mu/wp-content/themes/ontopic/css/layoutf43b.css]
[namsung.zz.mu/feed/index.html]
[namsung.zz.mu/wp-content/themes/ontopic/css/woocommercef43b.css]
[namsung.zz.mu/wp-content/themes/ontopic/includes/js/fitvids.min5152.js]
[namsung.zz.mu/comments/feed/index.html]
[namsung.zz.mu/wp-content/themes/ontopic/includes/js/modernizr.min61da.js]
[namsung.zz.mu/wp-content/themes/ontopic/includes/js/generalf43b.js]
[namsung.zz.mu/xmlrpc0db0.php]
[namsung.zz.mu/wp-content/themes/ontopic/styles/blue.css]
[namsung.zz.mu/wp-content/themes/ontopic/functions/css/shortcodes.css]
[namsung.zz.mu/wp-content/uploads/2012/01/iphone5208.jpg]
[namsung.zz.mu/wp-content/uploads/2013/11/Apple_1998_Logo1.png]
[scripts.chitika.net/eminimalls/amm.js]
[namsung.zz.mu/wp-content/themes/ontopic/images/woothemes.png]
[namsung.zz.mu/wp-content/plugins/woocommerce/assets/js/frontend/add-to-cart.minbf86.js]
[namsung.zz.mu/wp-content/plugins/woocommerce/assets/js/jquery-blockui/jquery.blockUI.minc8cb.js]
[namsung.zz.mu/wp-content/plugins/woocommerce/assets/js/jquery-placeholder/jquery.placeholder.minbf86.js]
[namsung.zz.mu/wp-content/plugins/woocommerce/assets/js/frontend/woocommerce.minbf86.js]
[namsung.zz.mu/wp-content/plugins/woocommerce/assets/js/jquery-cookie/jquery.cookie.mine7f0.js]
[namsung.zz.mu/wp-content/plugins/woocommerce/assets/js/frontend/cart-fragments.minbf86.js]
[namsung.zz.mu/index.html]
[namsung.zz.mu/comments/feed/index.html]
[namsung.zz.mu/wp-content/themes/ontopic/includes/fonts/social.eot]
[namsung.zz.mu/wp-content/themes/ontopic/includes/fonts/social.woff]
[namsung.zz.mu/wp-content/themes/ontopic/includes/fonts/sociald41d.eot]
[namsung.zz.mu/wp-content/themes/ontopic/includes/fonts/social.ttf]
[namsung.zz.mu/wp-content/themes/ontopic/includes/fonts/fontawesome-webfont.eot]
[namsung.zz.mu/wp-content/themes/ontopic/includes/fonts/fontawesome-webfont.woff]
[namsung.zz.mu/wp-content/themes/ontopic/includes/fonts/fontawesome-webfontd41d.eot]
[namsung.zz.mu/wp-content/themes/ontopic/includes/fonts/fontawesome-webfont.ttf]
[namsung.zz.mu/wp-content/themes/ontopic/images/ico-search.png]
[namsung.zz.mu/wp-content/themes/ontopic/stylef43b.css]
[namsung.zz.mu/wp-content/themes/ontopic/css/layoutf43b.css]
[namsung.zz.mu/wp-content/themes/ontopic/css/woocommercef43b.css]
[namsung.zz.mu/wp-content/themes/ontopic/styles/blue.css]
[namsung.zz.mu/wp-content/themes/ontopic/functions/images/ico-download.png]
[namsung.zz.mu/wp-content/themes/ontopic/functions/images/ico-tick.png]
[namsung.zz.mu/wp-content/themes/ontopic/functions/images/ico-info.png]
[namsung.zz.mu/wp-content/themes/ontopic/functions/images/ico-note.png]
[namsung.zz.mu/wp-content/themes/ontopic/functions/images/quote.png]
[namsung.zz.mu/wp-content/themes/ontopic/functions/images/shortcode-toggle-close.png]
[namsung.zz.mu/wp-content/themes/ontopic/functions/images/shortcode-toggle-open.png]
[namsung.zz.mu/wp-content/themes/ontopic/functions/images/shortcode-tick.png]
[namsung.zz.mu/wp-content/themes/ontopic/functions/images/shortcode-red-x.png]
[namsung.zz.mu/wp-content/themes/ontopic/functions/images/shortcode-bullet.png]
[namsung.zz.mu/wp-content/themes/ontopic/functions/images/shortcode-green-dot.png]
[namsung.zz.mu/wp-content/themes/ontopic/functions/images/shortcode-arrow.png]
[namsung.zz.mu/wp-content/themes/ontopic/functions/images/shortcode-star.png]
[namsung.zz.mu/wp-content/themes/ontopic/functions/css/shortcodes.css]
[namsung.zz.mu/wp-content/themes/ontopic/custom.css]
[namsung.zz.mu/sample-page/index.html]
[namsung.zz.mu/my-account/index.html]
[namsung.zz.mu/sample-page/feed/index.html]
[namsung.zz.mu/my-account/feed/index.html]
[9to5mac.files.wordpress.com/2011/01/square-payment-dongle8e13.png]
[namsung.zz.mu/2013/11/apple-hiring-developers-next-gen-payment-platform-help-retail-enter-new-markets/index.html]
[namsung.zz.mu/author/namsung/index.html]
[namsung.zz.mu/category/uncategorized/index.html]
[namsung.zz.mu/2013/11/apple-hiring-developers-next-gen-payment-platform-help-retail-enter-new-markets/feed/index.html]
[namsung.zz.mu/2013/11/apple-starts-selling-unlocked-sim-free-iphone-5s-u-s/index.html]
[namsung.zz.mu/author/namsung/feed/index.html]
[namsung.zz.mu/2013/11/index.html]
[namsung.zz.mu/category/uncategorized/feed/index.html]
[namsung.zz.mu/2013/11/apple-starts-selling-unlocked-sim-free-iphone-5s-u-s/feed/index.html]
[cdn.chitika.net/apps/adhesion.js]
[images.chitika.net/spinner.gif]
[scripts.chitika.net/eminimalls/amm.js]
[namsung.zz.mu/wp-login.html]
[namsung.zz.mu/wp-content/themes/ontopic/includes/fonts/social.svg]
[namsung.zz.mu/wp-content/themes/ontopic/includes/fonts/fontawesome-webfont.svg]
[namsung.zz.mu/wp-content/themes/ontopic/styles/images/ico-search.html]
[namsung.zz.mu/index905b.html]
[namsung.zz.mu/index1e7e.html]
[namsung.zz.mu/my-account/lost-password/index.html]
[namsung.zz.mu/wp-content/themes/ontopic/functions/images/ico-alert.png]
[namsung.zz.mu/my-account/lost-password/feed/index.html]
[namsung.zz.mu/indexe6f0.html]
[namsung.zz.mu/index198a.html]
[cdn.chitika.net/apps/adhesion.js]
[namsung.zz.mu/index0d0b.html]
[namsung.zz.mu/wp-content/themes/ontopic/functions/images/ico-alert.png]
